\BOOKMARK [1][-]{section.1}{\376\377\000I\000n\000t\000r\000o\000d\000u\000c\000t\000i\000o\000n}{}% 1
\BOOKMARK [1][-]{section.2}{\376\377\000R\000e\000l\000a\000t\000e\000d\000\040\000W\000o\000r\000k}{}% 2
\BOOKMARK [1][-]{section.3}{\376\377\000S\000e\000t\000u\000p}{}% 3
\BOOKMARK [2][-]{subsection.3.1}{\376\377\000I\000n\000t\000e\000n\000t\000\040\000c\000r\000i\000t\000e\000r\000i\000o\000n\000,\000\040\000a\000n\000d\000\040\000i\000t\000s\000\040\000v\000a\000l\000i\000d\000a\000t\000i\000o\000n}{section.3}% 4
\BOOKMARK [2][-]{subsection.3.2}{\376\377\000V\000a\000l\000i\000d\000i\000t\000y\000\040\000g\000a\000t\000i\000n\000g}{section.3}% 5
\BOOKMARK [1][-]{section.4}{\376\377\000P\000o\000s\000i\000t\000i\000v\000e\000\040\000C\000o\000n\000t\000r\000o\000l\000:\000\040\000T\000h\000e\000\040\000P\000i\000p\000e\000l\000i\000n\000e\000\040\000W\000o\000r\000k\000s}{}% 6
\BOOKMARK [1][-]{section.5}{\376\377\000R\000e\000s\000u\000l\000t\000s}{}% 7
\BOOKMARK [2][-]{subsection.5.1}{\376\377\000T\000h\000e\000\040\000s\000a\000m\000e\000\040\000m\000i\000s\000m\000a\000t\000c\000h\000\040\000o\000n\000\040\000a\000\040\000s\000t\000a\000n\000d\000a\000r\000d\000\040\000b\000e\000n\000c\000h\000m\000a\000r\000k\000,\000\040\000a\000n\000d\000\040\000a\000\040\0002\0002\000\040\000t\000h\000a\000t\000\040\000l\000o\000c\000a\000l\000i\000s\000e\000s\000\040\000i\000t}{section.5}% 8
\BOOKMARK [2][-]{subsection.5.2}{\376\377\000C\000e\000n\000s\000o\000r\000i\000n\000g\000\040\000a\000g\000a\000i\000n\000s\000t\000\040\000s\000c\000a\000l\000e\000,\000\040\000a\000n\000d\000\040\000t\000h\000e\000\040\000s\000a\000m\000e\000\040\000s\000c\000a\000l\000e\000\040\000u\000n\000d\000e\000r\000\040\000a\000\040\000m\000a\000t\000c\000h\000e\000d\000\040\000i\000n\000t\000e\000r\000f\000a\000c\000e}{section.5}% 9
\BOOKMARK [2][-]{subsection.5.3}{\376\377\000W\000i\000t\000h\000i\000n\000-\000l\000i\000n\000e\000a\000g\000e\000\040\000c\000o\000n\000t\000r\000o\000l\000:\000\040\000t\000h\000e\000\040\000s\000a\000m\000e\000\040\000l\000a\000d\000d\000e\000r\000\040\000i\000n\000\040\000Q\000w\000e\000n\0002\000.\0005\000-\000I\000n\000s\000t\000r\000u\000c\000t}{section.5}% 10
\BOOKMARK [2][-]{subsection.5.4}{\376\377\000A\000\040\0002\0003\000\045\000\040\000f\000a\000i\000l\000u\000r\000e\000\040\000t\000h\000a\000t\000\040\000s\000u\000r\000v\000i\000v\000e\000d\000\040\000t\000h\000r\000e\000e\000\040\000c\000o\000n\000t\000r\000o\000l\000s\000\040\000a\000n\000d\000\040\000f\000e\000l\000l\000\040\000t\000o\000\040\000t\000h\000e\000\040\000f\000o\000u\000r\000t\000h}{section.5}% 11
\BOOKMARK [2][-]{subsection.5.5}{\376\377\000F\000o\000u\000r\000\040\000l\000a\000y\000e\000r\000s\000,\000\040\000a\000n\000d\000\040\000w\000h\000a\000t\000\040\000a\000\040\000p\000r\000e\000-\000f\000l\000i\000g\000h\000t\000\040\000c\000h\000e\000c\000k\000\040\000c\000a\000n\000\040\000s\000e\000e}{section.5}% 12
\BOOKMARK [2][-]{subsection.5.6}{\376\377\000R\000e\000p\000a\000i\000r\000\040\000l\000o\000o\000p\000:\000\040\000h\000o\000w\000\040\000m\000u\000c\000h\000\040\000c\000o\000m\000e\000s\000\040\000b\000a\000c\000k}{section.5}% 13
\BOOKMARK [2][-]{subsection.5.7}{\376\377\000Z\000e\000r\000o\000\040\000t\000o\000o\000l\000\040\000e\000x\000e\000c\000u\000t\000i\000o\000n\000\040\000i\000n\000\040\000R\000L\000\040\000r\000o\000l\000l\000o\000u\000t\000s\000,\000\040\000a\000n\000d\000\040\000w\000h\000e\000r\000e\000\040\000i\000t\000\040\000c\000o\000m\000e\000s\000\040\000f\000r\000o\000m\000\040\000a\000t\000\040\000t\000w\000o\000\040\000s\000c\000a\000l\000e\000s}{section.5}% 14
\BOOKMARK [3][-]{subsubsection.5.7.1}{\376\377\000W\000h\000y\000\040\000n\000o\000\040\000r\000e\000p\000a\000i\000r\000e\000d\000-\000F\000C\000\040\000t\000r\000a\000i\000n\000i\000n\000g\000\040\000a\000r\000m\000\040\000e\000x\000i\000s\000t\000s\000\040\000y\000e\000t}{subsection.5.7}% 15
\BOOKMARK [3][-]{subsubsection.5.7.2}{\376\377\000O\000p\000e\000n\000i\000n\000g\000\040\000t\000h\000e\000\040\000c\000h\000a\000n\000n\000e\000l\000\040\000d\000o\000e\000s\000\040\000n\000o\000t\000,\000\040\000b\000y\000\040\000i\000t\000s\000e\000l\000f\000,\000\040\000u\000n\000l\000o\000c\000k\000\040\000m\000u\000l\000t\000i\000-\000t\000u\000r\000n\000\040\000l\000e\000a\000r\000n\000i\000n\000g}{subsection.5.7}% 16
\BOOKMARK [1][-]{section.6}{\376\377\000D\000i\000s\000c\000u\000s\000s\000i\000o\000n}{}% 17
\BOOKMARK [1][-]{section.7}{\376\377\000L\000i\000m\000i\000t\000a\000t\000i\000o\000n\000s}{}% 18
\BOOKMARK [1][-]{section.8}{\376\377\000C\000o\000n\000c\000l\000u\000s\000i\000o\000n}{}% 19
\BOOKMARK [1][-]{appendix.A}{\376\377\000D\000a\000t\000a\000\040\000E\000r\000r\000a\000t\000a}{}% 20
\BOOKMARK [2][-]{subsection.A.1}{\376\377\000S\000e\000v\000e\000n\000\040\000R\000e\000A\000c\000t\000\040\000a\000r\000m\000s\000\040\000r\000e\000c\000o\000r\000d\000\040\000t\000h\000e\000\040\000w\000r\000o\000n\000g\000\040\000m\000a\000x\000\137\000t\000o\000k\000e\000n\000s}{appendix.A}% 21
\BOOKMARK [2][-]{subsection.A.2}{\376\377\000L\000l\000a\000m\000a\000-\0003\000.\0001\000-\0008\000B\000\040\000i\000n\000i\000t\000i\000a\000t\000i\000o\000n\000\040\000r\000a\000t\000e\000\040\000r\000e\000q\000u\000i\000r\000e\000d\000\040\000m\000a\000n\000u\000a\000l\000\040\000c\000o\000r\000r\000e\000c\000t\000i\000o\000n}{appendix.A}% 22
\BOOKMARK [2][-]{subsection.A.3}{\376\377\000A\000r\000m\000s\000\040\000i\000n\000a\000d\000m\000i\000s\000s\000i\000b\000l\000e\000\040\000f\000o\000r\000\040\000p\000a\000s\000s\000-\000r\000a\000t\000e\000\040\000c\000o\000m\000p\000a\000r\000i\000s\000o\000n}{appendix.A}% 23
\BOOKMARK [2][-]{subsection.A.4}{\376\377\000P\000r\000o\000v\000e\000n\000a\000n\000c\000e\000\040\000s\000c\000h\000e\000m\000a\000\040\000d\000r\000i\000f\000t}{appendix.A}% 24
\BOOKMARK [2][-]{subsection.A.5}{\376\377\000V\000e\000r\000i\000f\000i\000e\000d\000\040\000c\000o\000r\000r\000e\000c\000t}{appendix.A}% 25
\BOOKMARK [2][-]{subsection.A.6}{\376\377\000T\000h\000i\000r\000d\000-\000p\000a\000r\000t\000y\000\040\000c\000o\000m\000p\000o\000n\000e\000n\000t\000\040\000v\000e\000r\000s\000i\000o\000n\000s}{appendix.A}% 26
\BOOKMARK [1][-]{appendix.B}{\376\377\000R\000e\000p\000r\000o\000d\000u\000c\000i\000b\000i\000l\000i\000t\000y}{}% 27
\BOOKMARK [1][-]{appendix.C}{\376\377\000P\000r\000o\000m\000p\000t\000s\000\040\000a\000n\000d\000\040\000t\000o\000o\000l\000\040\000s\000c\000h\000e\000m\000a\000s\000,\000\040\000v\000e\000r\000b\000a\000t\000i\000m}{}% 28
\BOOKMARK [2][-]{subsection.C.1}{\376\377\000R\000e\000A\000c\000t}{appendix.C}% 29
\BOOKMARK [2][-]{subsection.C.2}{\376\377\000F\000u\000n\000c\000t\000i\000o\000n\000\040\000c\000a\000l\000l\000i\000n\000g}{appendix.C}% 30
\BOOKMARK [2][-]{subsection.C.3}{\376\377\000T\000o\000o\000l\000\040\000s\000c\000h\000e\000m\000a\000s\000:\000\040\000t\000e\000r\000s\000e\000,\000\040\000r\000i\000c\000h\000,\000\040\000s\000t\000r\000i\000c\000t}{appendix.C}% 31
\BOOKMARK [2][-]{subsection.C.4}{\376\377\000T\000h\000e\000\040\000T\000h\000o\000u\000g\000h\000t\000-\000s\000c\000a\000f\000f\000o\000l\000d\000\040\000c\000o\000n\000t\000r\000o\000l\000\040\000\050\000\247\0005\000.\0004\000\051}{appendix.C}% 32
\BOOKMARK [2][-]{subsection.C.5}{\376\377\000T\000h\000e\000\040\000r\000o\000l\000e\000-\000d\000i\000s\000a\000m\000b\000i\000g\000u\000a\000t\000i\000o\000n\000\040\000f\000e\000w\000-\000s\000h\000o\000t\000\040\000\050\000\247\0005\000.\0007\000\051}{appendix.C}% 33
\BOOKMARK [2][-]{subsection.C.6}{\376\377\000T\000h\000e\000\040\000i\000n\000t\000e\000n\000t\000\040\000c\000r\000i\000t\000e\000r\000i\000o\000n}{appendix.C}% 34
\BOOKMARK [1][-]{appendix.D}{\376\377\000S\000e\000r\000v\000i\000n\000g\000\040\000a\000n\000d\000\040\000t\000r\000a\000i\000n\000i\000n\000g\000\040\000c\000o\000n\000f\000i\000g\000u\000r\000a\000t\000i\000o\000n}{}% 35
\BOOKMARK [2][-]{subsection.D.1}{\376\377\000P\000e\000r\000-\000f\000a\000m\000i\000l\000y\000\040\000s\000e\000r\000v\000i\000n\000g\000\040\000f\000l\000a\000g\000s}{appendix.D}% 36
\BOOKMARK [2][-]{subsection.D.2}{\376\377\000T\000r\000a\000i\000n\000i\000n\000g\000\040\000c\000o\000n\000f\000i\000g\000u\000r\000a\000t\000i\000o\000n}{appendix.D}% 37
\BOOKMARK [2][-]{subsection.D.3}{\376\377\000T\000o\000o\000l\000-\000c\000a\000l\000l\000\040\000i\000n\000s\000t\000r\000u\000m\000e\000n\000t\000a\000t\000i\000o\000n}{appendix.D}% 38
\BOOKMARK [2][-]{subsection.D.4}{\376\377\000W\000h\000y\000\040\000n\000o\000\040\000r\000e\000p\000a\000i\000r\000e\000d\000-\000F\000C\000\040\000t\000r\000a\000i\000n\000i\000n\000g\000\040\000a\000r\000m\000\040\000e\000x\000i\000s\000t\000s}{appendix.D}% 39
\BOOKMARK [2][-]{subsection.D.5}{\376\377\000T\000h\000e\000\040\000f\000o\000u\000r\000\040\000o\000b\000s\000t\000a\000c\000l\000e\000s\000\040\000t\000o\000\040\000a\000\040\000r\000e\000p\000a\000i\000r\000e\000d\000-\000F\000C\000\040\000t\000r\000a\000i\000n\000i\000n\000g\000\040\000a\000r\000m}{appendix.D}% 40
\BOOKMARK [1][-]{appendix.E}{\376\377\000A\000r\000m\000\040\000i\000n\000v\000e\000n\000t\000o\000r\000y}{}% 41
\BOOKMARK [1][-]{appendix.F}{\376\377\000H\000u\000m\000a\000n\000\040\000v\000a\000l\000i\000d\000a\000t\000i\000o\000n\000\040\000o\000f\000\040\000t\000h\000e\000\040\000i\000n\000t\000e\000n\000t\000\040\000c\000r\000i\000t\000e\000r\000i\000o\000n\000,\000\040\000i\000n\000\040\000f\000u\000l\000l}{}% 42
\BOOKMARK [1][-]{appendix.G}{\376\377\000S\000u\000p\000p\000l\000e\000m\000e\000n\000t\000a\000r\000y\000\040\000r\000e\000s\000u\000l\000t\000s}{}% 43
\BOOKMARK [2][-]{subsection.G.1}{\376\377\000T\000h\000e\000\040\000a\000n\000o\000m\000a\000l\000y\000\040\000t\000h\000a\000t\000\040\000m\000o\000t\000i\000v\000a\000t\000e\000d\000\040\000t\000h\000e\000\040\000s\000t\000u\000d\000y}{appendix.G}% 44
\BOOKMARK [2][-]{subsection.G.2}{\376\377\000O\000f\000f\000l\000i\000n\000e\000\040\000r\000e\000-\000p\000a\000r\000s\000e\000\040\000m\000a\000t\000r\000i\000x\000\040\000a\000n\000d\000\040\000f\000a\000i\000l\000u\000r\000e\000-\000l\000a\000y\000e\000r\000\040\000d\000e\000c\000o\000m\000p\000o\000s\000i\000t\000i\000o\000n}{appendix.G}% 45
\BOOKMARK [2][-]{subsection.G.3}{\376\377\000B\000F\000C\000L\000:\000\040\000g\000a\000t\000i\000n\000g\000\040\000a\000n\000d\000\040\000t\000h\000e\000\040\000f\000u\000l\000l\000\040\000r\000e\000p\000r\000o\000d\000u\000c\000t\000i\000o\000n\000\040\000r\000e\000c\000o\000r\000d}{appendix.G}% 46
\BOOKMARK [2][-]{subsection.G.4}{\376\377\000T\000h\000e\000\040\000f\000u\000l\000l\000\040\000f\000o\000u\000r\000-\000f\000a\000m\000i\000l\000y\000\040\000t\000a\000x\000o\000n\000o\000m\000y}{appendix.G}% 47
\BOOKMARK [2][-]{subsection.G.5}{\376\377\000M\000a\000i\000n\000\040\000t\000a\000b\000l\000e\000\040\000u\000n\000d\000e\000r\000\040\000u\000n\000i\000f\000i\000e\000d\000\040\000c\000o\000n\000f\000i\000g\000u\000r\000a\000t\000i\000o\000n}{appendix.G}% 48
\BOOKMARK [2][-]{subsection.G.6}{\376\377\000T\000h\000e\000\040\000f\000o\000u\000r\000\040\000L\000l\000a\000m\000a\000\040\000c\000o\000n\000t\000r\000o\000l\000s\000,\000\040\000t\000a\000b\000u\000l\000a\000t\000e\000d}{appendix.G}% 49
\BOOKMARK [2][-]{subsection.G.7}{\376\377\000C\000o\000n\000d\000i\000t\000i\000o\000n\000i\000n\000g\000\040\000o\000n\000\040\000a\000\040\000s\000u\000c\000c\000e\000s\000s\000f\000u\000l\000\040\000p\000a\000r\000s\000e\000,\000\040\000a\000n\000d\000\040\000a\000c\000c\000e\000s\000s\000\040\000v\000s\000.\000\040\000u\000s\000e\000\040\000o\000f\000\040\000f\000e\000e\000d\000b\000a\000c\000k}{appendix.G}% 50
\BOOKMARK [2][-]{subsection.G.8}{\376\377\000P\000r\000e\000s\000s\000u\000r\000e\000\040\000o\000n\000\040\000a\000\040\000b\000r\000o\000k\000e\000n\000\040\000i\000n\000t\000e\000r\000f\000a\000c\000e\000\040\000m\000a\000k\000e\000s\000\040\000t\000h\000i\000n\000g\000s\000\040\000w\000o\000r\000s\000e}{appendix.G}% 51
\BOOKMARK [2][-]{subsection.G.9}{\376\377\000T\000h\000e\000\040\000s\000u\000f\000f\000i\000c\000i\000e\000n\000c\000y\000\040\000a\000r\000m\000,\000\040\000t\000a\000b\000u\000l\000a\000t\000e\000d}{appendix.G}% 52
\BOOKMARK [2][-]{subsection.G.10}{\376\377\000S\000a\000m\000p\000l\000i\000n\000g\000\040\000v\000a\000r\000i\000a\000n\000c\000e\000,\000\040\000a\000n\000d\000\040\000a\000n\000\040\000i\000n\000v\000e\000r\000t\000e\000d\000\040\000n\000o\000i\000s\000e\000\040\000s\000t\000r\000u\000c\000t\000u\000r\000e}{appendix.G}% 53
\BOOKMARK [2][-]{subsection.G.11}{\376\377\000M\000u\000l\000t\000i\000-\000t\000u\000r\000n\000\040\000r\000e\000p\000a\000i\000r\000\040\000s\000t\000a\000b\000i\000l\000i\000s\000e\000s\000\040\000t\000h\000e\000\040\000t\000o\000t\000a\000l\000\040\000w\000h\000i\000l\000e\000\040\000i\000t\000s\000\040\000c\000o\000m\000p\000o\000s\000i\000t\000i\000o\000n\000\040\000k\000e\000e\000p\000s\000\040\000m\000o\000v\000i\000n\000g}{appendix.G}% 54
\BOOKMARK [2][-]{subsection.G.12}{\376\377\000T\000h\000e\000\040\000t\000r\000a\000i\000n\000i\000n\000g\000\040\000v\000e\000r\000i\000f\000i\000e\000r\000:\000\040\000s\000e\000a\000m\000s\000,\000\040\000a\000u\000d\000i\000t\000,\000\040\000a\000n\000d\000\040\000p\000l\000a\000n\000n\000e\000d\000\040\000f\000i\000x\000e\000s}{appendix.G}% 55
